=== Scene ===
grain: 0.0300

[Glyphs] (2)
  0: glyph(24,30) scale=1 color(238,242,247,255) "Caption above."
  1: glyph(24,99) scale=1 color(238,242,247,255) "Caption below."

[ImageRects] (1)
  0: image(24,45 752x40) id=3 opacity=1.00 uv(0.00,0.00→1.00,1.00)

[ClipBatches] (1)
  0: clip(0,0 800x600) full-viewport rects@0 text@0 msdf@0 emoji@0 grad@0 shadow@0 img@0 shader@0

