=== Scene ===
grain: 0.0300

[Glyphs] (1)
  0: glyph(72,30) scale=1 color(238,242,247,255) "Text wraps on the right side of the float-left image."

[ImageRects] (1)
  0: image(24,24 48x48) id=2 opacity=1.00 uv(0.00,0.00→1.00,1.00)

[ClipBatches] (1)
  0: clip(0,0 800x600) full-viewport rects@0 text@0 msdf@0 emoji@0 grad@0 shadow@0 img@0 shader@0

